// Jest Snapshot v1, https://goo.gl/fbAQLP

exports[`Test snapshot componet of rocket Renders correctly of nav bar 1`] = `
Object {
  "asFragment": [Function],
  "baseElement": <body>
    <div>
      <nav
        class="navbar"
      >
        <div
          class="logo"
          style="text-decoration: none;"
          to="/"
        >
          <img
            alt="Logo"
            class="logo-image"
            src="planet.png"
          />
          <h1
            class="nav-heading"
          >
            Space Travelers\` Hub
          </h1>
        </div>
        <div
          class="nav-links"
        >
          <ul
            class="nav-ul"
          >
            <li
              class="nav-li"
            >
              <a
                aria-current="page"
                class="nav-link active"
                href="/"
              >
                Rockets
              </a>
            </li>
            <li
              class="nav-li"
            >
              <a
                class="nav-link"
                href="/missions"
              >
                Missions
              </a>
            </li>
            <li
              class="nav-li"
            >
              <a
                class="nav-link"
                href="/myprofile"
              >
                My profile
              </a>
            </li>
          </ul>
        </div>
        <hr />
      </nav>
    </div>
  </body>,
  "container": <div>
    <nav
      class="navbar"
    >
      <div
        class="logo"
        style="text-decoration: none;"
        to="/"
      >
        <img
          alt="Logo"
          class="logo-image"
          src="planet.png"
        />
        <h1
          class="nav-heading"
        >
          Space Travelers\` Hub
        </h1>
      </div>
      <div
        class="nav-links"
      >
        <ul
          class="nav-ul"
        >
          <li
            class="nav-li"
          >
            <a
              aria-current="page"
              class="nav-link active"
              href="/"
            >
              Rockets
            </a>
          </li>
          <li
            class="nav-li"
          >
            <a
              class="nav-link"
              href="/missions"
            >
              Missions
            </a>
          </li>
          <li
            class="nav-li"
          >
            <a
              class="nav-link"
              href="/myprofile"
            >
              My profile
            </a>
          </li>
        </ul>
      </div>
      <hr />
    </nav>
  </div>,
  "debug": [Function],
  "findAllByAltText": [Function],
  "findAllByDisplayValue": [Function],
  "findAllByLabelText": [Function],
  "findAllByPlaceholderText": [Function],
  "findAllByRole": [Function],
  "findAllByTestId": [Function],
  "findAllByText": [Function],
  "findAllByTitle": [Function],
  "findByAltText": [Function],
  "findByDisplayValue": [Function],
  "findByLabelText": [Function],
  "findByPlaceholderText": [Function],
  "findByRole": [Function],
  "findByTestId": [Function],
  "findByText": [Function],
  "findByTitle": [Function],
  "getAllByAltText": [Function],
  "getAllByDisplayValue": [Function],
  "getAllByLabelText": [Function],
  "getAllByPlaceholderText": [Function],
  "getAllByRole": [Function],
  "getAllByTestId": [Function],
  "getAllByText": [Function],
  "getAllByTitle": [Function],
  "getByAltText": [Function],
  "getByDisplayValue": [Function],
  "getByLabelText": [Function],
  "getByPlaceholderText": [Function],
  "getByRole": [Function],
  "getByTestId": [Function],
  "getByText": [Function],
  "getByTitle": [Function],
  "queryAllByAltText": [Function],
  "queryAllByDisplayValue": [Function],
  "queryAllByLabelText": [Function],
  "queryAllByPlaceholderText": [Function],
  "queryAllByRole": [Function],
  "queryAllByTestId": [Function],
  "queryAllByText": [Function],
  "queryAllByTitle": [Function],
  "queryByAltText": [Function],
  "queryByDisplayValue": [Function],
  "queryByLabelText": [Function],
  "queryByPlaceholderText": [Function],
  "queryByRole": [Function],
  "queryByTestId": [Function],
  "queryByText": [Function],
  "queryByTitle": [Function],
  "rerender": [Function],
  "unmount": [Function],
}
`;
